// Jest Snapshot v1, https://goo.gl/fbAQLP

exports[`Pruebas del <RealExampleRef /> Debe mostrarse correctamente 1`] = `
<Fragment>
  <h2>
    Ejemplos del uso real de Ref
  </h2>
  <hr />
  <button
    className="btn btn-primary mt-5"
    onClick={[Function]}
  >
    Show / Hide
  </button>
</Fragment>
`;
